// Vitest Snapshot v1, https://vitest.dev/guide/snapshot.html

exports[`CreateSpace component > should show the "New Space" button 1`] = `
"<button type="button" class="oc-button oc-rounded oc-button-m oc-button-justify-content-center oc-button-gap-m oc-button-secondary oc-button-filled oc-button-secondary-filled" id="new-space-menu-btn">
  <!--v-if-->
  <!-- @slot Content of the button --> <span class="oc-icon oc-icon-m"><svg data-testid="inline-svg-stub" src="icons/add-fill.svg" transform-source="(svg) => {
      if (__props.accessibleLabel !== &quot;&quot;) {
        const title = document.createElement(&quot;title&quot;);
        title.setAttribute(&quot;id&quot;, svgTitleId.value);
        title.appendChild(document.createTextNode(__props.accessibleLabel));
        svg.insertBefore(title, svg.firstChild);
      };
      return svg;
    }" aria-hidden="true" focusable="false"></svg></span> <span>New Space</span>
</button>"
`;
