// Vitest Snapshot v1, https://vitest.dev/guide/snapshot.html

exports[`OcAvatarCount > dynamically calculates font size 1`] = `"<span class="oc-avatar-count flex justify-center items-center bg-role-secondary text-role-on-secondary rounded-[50%]" style="width: 100px; height: 100px; font-size: 40px;">+2</span>"`;
