// Vitest Snapshot v1, https://vitest.dev/guide/snapshot.html

exports[`ActivitiesPanel > should render a list of activities when data is present 1`] = `
"<div class="oc-ml-s">
  <ul class="oc-list oc-my-rm oc-mx-rm oc-timeline">
    <li>
      <div class="oc-flex"><span class="oc-mr-xs"><span class="oc-avatars oc-avatars-gap-m oc-avatars-stacked" aria-hidden="true"><span class="vue-avatar--wrapper oc-avatar" style="width: 16.8px; height: 16.8px; line-height: 16.8px; background-color: #8e5c11; font-size: 6px; font-family: Helvetica, Arial, sans-serif; color: white;" width="16.8" aria-hidden="true" focusable="false" data-test-user-name="Marie Curie"><span class="avatar-initials" style="color: white;">MC</span></span>
        <!--v-if-->
        <!--v-if--></span>
        <!--v-if--></span> <span><strong>Marie Curie</strong> created <strong>new folder</strong>.</span>
      </div> <span class="oc-text-muted oc-text-small oc-mt-s">Jul 29, 2024, 6:34 PM</span>
    </li>
    <li>
      <div class="oc-flex"><span class="oc-mr-xs"><span class="oc-avatars oc-avatars-gap-m oc-avatars-stacked" aria-hidden="true"><span class="vue-avatar--wrapper oc-avatar" style="width: 16.8px; height: 16.8px; line-height: 16.8px; background-color: #c21c53; font-size: 6px; font-family: Helvetica, Arial, sans-serif; color: white;" width="16.8" aria-hidden="true" focusable="false" data-test-user-name="Albert Einstein"><span class="avatar-initials" style="color: white;">AE</span></span>
        <!--v-if-->
        <!--v-if--></span>
        <!--v-if--></span> <span><strong>Albert Einstein</strong> moved <strong>textfile.txt</strong>.</span>
      </div> <span class="oc-text-muted oc-text-small oc-mt-s">Jul 29, 2023, 6:34 PM</span>
    </li>
    <li>
      <div class="oc-flex"><span class="oc-mr-xs"><span class="oc-avatars oc-avatars-gap-m oc-avatars-stacked" aria-hidden="true"><span class="vue-avatar--wrapper oc-avatar" style="width: 16.8px; height: 16.8px; line-height: 16.8px; background-color: #3F51B5; font-size: 6px; font-family: Helvetica, Arial, sans-serif; color: white;" width="16.8" aria-hidden="true" focusable="false" data-test-user-name="Robert Oppenheimer"><span class="avatar-initials" style="color: white;">RO</span></span>
        <!--v-if-->
        <!--v-if--></span>
        <!--v-if--></span> <span><strong>Robert Oppenheimer</strong> deleted <strong>atom plans.pdf</strong>.</span>
      </div> <span class="oc-text-muted oc-text-small oc-mt-s">Jul 29, 2022, 6:34 PM</span>
    </li>
    <li>
      <div class="oc-flex"><span class="oc-mr-xs"><span class="oc-avatars oc-avatars-gap-m oc-avatars-stacked" aria-hidden="true"><span class="vue-avatar--wrapper oc-avatar" style="width: 16.8px; height: 16.8px; line-height: 16.8px; background-color: #673AB7; font-size: 6px; font-family: Helvetica, Arial, sans-serif; color: white;" width="16.8" aria-hidden="true" focusable="false" data-test-user-name="Albert Schweitzer"><span class="avatar-initials" style="color: white;">AS</span></span>
        <!--v-if-->
        <!--v-if--></span>
        <!--v-if--></span> <span><strong>Albert Schweitzer</strong> removed <strong>Selfie.png</strong>.</span>
      </div> <span class="oc-text-muted oc-text-small oc-mt-s">Jul 29, 2021, 6:34 PM</span>
    </li>
  </ul>
  <p class="oc-text-muted oc-text-small">Showing 4 activities</p>
</div>"
`;
