// Vitest Snapshot v1, https://vitest.dev/guide/snapshot.html

exports[`ContextActionMenu component > renders the menu with actions 1`] = `
"<div id="oc-files-context-menu">
  <ul class="oc-list oc-my-rm oc-mx-rm oc-files-context-actions oc-pb-s oc-files-context-actions-border" id="oc-files-context-actions-section 1"> </ul>
  <ul class="oc-list oc-my-rm oc-mx-rm oc-files-context-actions oc-pt-s" id="oc-files-context-actions-section 2"> </ul>
</div>"
`;

exports[`ContextActionMenu component > renders the menu with drop menu items 1`] = `
"<div id="oc-files-context-menu">
  <ul class="oc-list oc-my-rm oc-mx-rm oc-files-context-actions oc-pb-s oc-files-context-actions-border" id="oc-files-context-actions-apps">
    <li class="context-menu oc-files-context-action oc-px-s oc-rounded oc-menu-item-hover"><button type="button" class="oc-button oc-rounded oc-button-m oc-button-justify-content-center oc-button-gap-m oc-button-secondary oc-button-raw oc-button-secondary-raw oc-py-s oc-px-m oc-width-1-1 oc-flex-justify-between oc-width-1-1" id="oc-files-context-actions-apps-toggle-2">
        <!--v-if-->
        <!-- @slot Content of the button --> <span class="oc-icon oc-icon-m"><svg data-testid="inline-svg-stub" src="icons/info-line.svg" transform-source="(svg) => {
      if (__props.accessibleLabel !== &quot;&quot;) {
        const title = document.createElement(&quot;title&quot;);
        title.setAttribute(&quot;id&quot;, svgTitleId.value);
        title.appendChild(document.createTextNode(__props.accessibleLabel));
        svg.insertBefore(title, svg.firstChild);
      };
      return svg;
    }" aria-hidden="true" focusable="false"></svg></span> <span class="oc-flex oc-files-context-action-label"><span>Apps</span></span> <span class="oc-icon oc-icon-s"><svg data-testid="inline-svg-stub" src="icons/arrow-right-s-line.svg" transform-source="(svg) => {
      if (__props.accessibleLabel !== &quot;&quot;) {
        const title = document.createElement(&quot;title&quot;);
        title.setAttribute(&quot;id&quot;, svgTitleId.value);
        title.appendChild(document.createTextNode(__props.accessibleLabel));
        svg.insertBefore(title, svg.firstChild);
      };
      return svg;
    }" aria-hidden="true" focusable="false"></svg></span>
      </button>
      <div id="oc-files-context-actions-apps-drop-1" class="oc-drop oc-box-shadow-medium oc-rounded oc-width-auto oc-files-context-action-drop">
        <div class="oc-card oc-card-body oc-p-s">
    <li class="oc-files-context-action oc-rounded oc-menu-item-hover"><button type="button" aria-label="" class="oc-button oc-rounded oc-button-m oc-button-justify-content-left oc-button-gap-m oc-button-secondary oc-button-raw oc-button-secondary-raw action-menu-item oc-py-s oc-px-m oc-width-1-1" data-testid="action-handler">
        <!--v-if-->
        <!-- @slot Content of the button -->
        <!--v-if--> <span class="oc-files-context-action-label oc-flex" data-testid="action-label"><span>Preview</span></span>
        <!--v-if-->
      </button></li>
    <li class="oc-files-context-action oc-rounded oc-menu-item-hover"><button type="button" aria-label="" class="oc-button oc-rounded oc-button-m oc-button-justify-content-left oc-button-gap-m oc-button-secondary oc-button-raw oc-button-secondary-raw action-menu-item oc-py-s oc-px-m oc-width-1-1" data-testid="action-handler">
        <!--v-if-->
        <!-- @slot Content of the button -->
        <!--v-if--> <span class="oc-files-context-action-label oc-flex" data-testid="action-label"><span>PDF Viewer</span></span>
        <!--v-if-->
      </button></li>
</div>
</div>
</li>
</ul>
<ul class="oc-list oc-my-rm oc-mx-rm oc-files-context-actions oc-pb-s oc-pt-s oc-files-context-actions-border" id="oc-files-context-actions-actions">
  <li class="context-menu oc-files-context-action oc-rounded oc-menu-item-hover"><button type="button" aria-label="" class="oc-button oc-rounded oc-button-m oc-button-justify-content-left oc-button-gap-m oc-button-secondary oc-button-raw oc-button-secondary-raw action-menu-item oc-py-s oc-px-m oc-width-1-1" data-testid="action-handler">
      <!--v-if-->
      <!-- @slot Content of the button -->
      <!--v-if--> <span class="oc-files-context-action-label oc-flex" data-testid="action-label"><span>Download</span></span>
      <!--v-if-->
    </button></li>
  <li class="context-menu oc-files-context-action oc-px-s oc-rounded oc-menu-item-hover"><button type="button" class="oc-button oc-rounded oc-button-m oc-button-justify-content-center oc-button-gap-m oc-button-secondary oc-button-raw oc-button-secondary-raw oc-py-s oc-px-m oc-width-1-1 oc-flex-justify-between oc-width-1-1" id="oc-files-context-actions-actions-toggle-4">
      <!--v-if-->
      <!-- @slot Content of the button --> <span class="oc-icon oc-icon-m"><svg data-testid="inline-svg-stub" src="icons/info-line.svg" transform-source="(svg) => {
      if (__props.accessibleLabel !== &quot;&quot;) {
        const title = document.createElement(&quot;title&quot;);
        title.setAttribute(&quot;id&quot;, svgTitleId.value);
        title.appendChild(document.createTextNode(__props.accessibleLabel));
        svg.insertBefore(title, svg.firstChild);
      };
      return svg;
    }" aria-hidden="true" focusable="false"></svg></span> <span class="oc-flex oc-files-context-action-label"><span>Actions</span></span> <span class="oc-icon oc-icon-s"><svg data-testid="inline-svg-stub" src="icons/arrow-right-s-line.svg" transform-source="(svg) => {
      if (__props.accessibleLabel !== &quot;&quot;) {
        const title = document.createElement(&quot;title&quot;);
        title.setAttribute(&quot;id&quot;, svgTitleId.value);
        title.appendChild(document.createTextNode(__props.accessibleLabel));
        svg.insertBefore(title, svg.firstChild);
      };
      return svg;
    }" aria-hidden="true" focusable="false"></svg></span>
    </button>
    <div id="oc-files-context-actions-actions-drop-3" class="oc-drop oc-box-shadow-medium oc-rounded oc-width-auto oc-files-context-action-drop">
      <div class="oc-card oc-card-body oc-p-s">
  <li class="oc-files-context-action oc-rounded oc-menu-item-hover"><button type="button" aria-label="" class="oc-button oc-rounded oc-button-m oc-button-justify-content-left oc-button-gap-m oc-button-secondary oc-button-raw oc-button-secondary-raw action-menu-item oc-py-s oc-px-m oc-width-1-1" data-testid="action-handler">
      <!--v-if-->
      <!-- @slot Content of the button -->
      <!--v-if--> <span class="oc-files-context-action-label oc-flex" data-testid="action-label"><span>Copy</span></span>
      <!--v-if-->
    </button></li>
  <li class="oc-files-context-action oc-rounded oc-menu-item-hover"><button type="button" aria-label="" class="oc-button oc-rounded oc-button-m oc-button-justify-content-left oc-button-gap-m oc-button-secondary oc-button-raw oc-button-secondary-raw action-menu-item oc-py-s oc-px-m oc-width-1-1" data-testid="action-handler">
      <!--v-if-->
      <!-- @slot Content of the button -->
      <!--v-if--> <span class="oc-files-context-action-label oc-flex" data-testid="action-label"><span>Paste</span></span>
      <!--v-if-->
    </button></li>
  </div>
  </div>
  </li>
  <li class="context-menu oc-files-context-action oc-px-s oc-rounded oc-menu-item-hover"><button type="button" class="oc-button oc-rounded oc-button-m oc-button-justify-content-center oc-button-gap-m oc-button-secondary oc-button-raw oc-button-secondary-raw oc-py-s oc-px-m oc-width-1-1 oc-flex-justify-between oc-width-1-1" id="oc-files-context-actions-delete-toggle-6">
      <!--v-if-->
      <!-- @slot Content of the button --> <span class="oc-icon oc-icon-m"><svg data-testid="inline-svg-stub" src="icons/info-line.svg" transform-source="(svg) => {
      if (__props.accessibleLabel !== &quot;&quot;) {
        const title = document.createElement(&quot;title&quot;);
        title.setAttribute(&quot;id&quot;, svgTitleId.value);
        title.appendChild(document.createTextNode(__props.accessibleLabel));
        svg.insertBefore(title, svg.firstChild);
      };
      return svg;
    }" aria-hidden="true" focusable="false"></svg></span> <span class="oc-flex oc-files-context-action-label"><span>Delete</span></span> <span class="oc-icon oc-icon-s"><svg data-testid="inline-svg-stub" src="icons/arrow-right-s-line.svg" transform-source="(svg) => {
      if (__props.accessibleLabel !== &quot;&quot;) {
        const title = document.createElement(&quot;title&quot;);
        title.setAttribute(&quot;id&quot;, svgTitleId.value);
        title.appendChild(document.createTextNode(__props.accessibleLabel));
        svg.insertBefore(title, svg.firstChild);
      };
      return svg;
    }" aria-hidden="true" focusable="false"></svg></span>
    </button>
    <div id="oc-files-context-actions-delete-drop-5" class="oc-drop oc-box-shadow-medium oc-rounded oc-width-auto oc-files-context-action-drop">
      <div class="oc-card oc-card-body oc-p-s">
  <li class="oc-files-context-action oc-rounded oc-menu-item-hover"><button type="button" aria-label="" class="oc-button oc-rounded oc-button-m oc-button-justify-content-left oc-button-gap-m oc-button-secondary oc-button-raw oc-button-secondary-raw action-menu-item oc-py-s oc-px-m oc-width-1-1" data-testid="action-handler">
      <!--v-if-->
      <!-- @slot Content of the button -->
      <!--v-if--> <span class="oc-files-context-action-label oc-flex" data-testid="action-label"><span>Delete</span></span>
      <!--v-if-->
    </button></li>
  <li class="oc-files-context-action oc-rounded oc-menu-item-hover"><button type="button" aria-label="" class="oc-button oc-rounded oc-button-m oc-button-justify-content-left oc-button-gap-m oc-button-secondary oc-button-raw oc-button-secondary-raw action-menu-item oc-py-s oc-px-m oc-width-1-1" data-testid="action-handler">
      <!--v-if-->
      <!-- @slot Content of the button -->
      <!--v-if--> <span class="oc-files-context-action-label oc-flex" data-testid="action-label"><span>Delete permanently</span></span>
      <!--v-if-->
    </button></li>
  </div>
  </div>
  </li>
</ul>
<ul class="oc-list oc-my-rm oc-mx-rm oc-files-context-actions oc-pt-s" id="oc-files-context-actions-sidebar">
  <li class="context-menu oc-files-context-action oc-rounded oc-menu-item-hover"><button type="button" aria-label="" class="oc-button oc-rounded oc-button-m oc-button-justify-content-left oc-button-gap-m oc-button-secondary oc-button-raw oc-button-secondary-raw action-menu-item oc-py-s oc-px-m oc-width-1-1" data-testid="action-handler">
      <!--v-if-->
      <!-- @slot Content of the button -->
      <!--v-if--> <span class="oc-files-context-action-label oc-flex" data-testid="action-label"><span>Details</span></span>
      <!--v-if-->
    </button></li>
</ul>
</div>"
`;
