// Vitest Snapshot v1, https://vitest.dev/guide/snapshot.html

exports[`ContextMenuQuickAction component > renders component 1`] = `
"<button type="button" aria-label="Show context menu" class="oc-button oc-rounded oc-button-m oc-button-justify-content-center oc-button-gap-m oc-button-secondary oc-button-raw oc-button-secondary-raw quick-action-button oc-ml-xs oc-p-xs" id="context-menu-trigger-1">
  <!--v-if-->
  <!-- @slot Content of the button --> <span class="oc-icon oc-icon-m"><!----></span>
  <div id="context-menu-drop-1" class="oc-drop oc-box-shadow-medium oc-rounded">
    <div class="oc-card oc-card-body oc-p-s"></div>
  </div>
</button>"
`;
