// Vitest Snapshot v1, https://vitest.dev/guide/snapshot.html

exports[`Collaborator ListItem component > share inheritance indicators > show when sharedParentRoute is given 1`] = `
"<div data-v-ccf14be2="" data-testid="collaborator-user-item-einstein" class="files-collaborators-collaborator oc-py-xs">
  <div data-v-ccf14be2="" class="oc-width-1-1 oc-flex oc-flex-middle files-collaborators-collaborator-details">
    <div data-v-ccf14be2="" class="oc-width-2-3 oc-flex oc-flex-middle">
      <div data-v-ccf14be2="">
        <avatar-image-stub data-v-ccf14be2="" userid="3" user-name="einstein" width="36" class="files-collaborators-collaborator-indicator"></avatar-image-stub>
      </div>
      <div data-v-ccf14be2="" class="files-collaborators-collaborator-name-wrapper oc-pl-s">
        <div data-v-ccf14be2="" class="oc-text-truncate"><span data-v-ccf14be2="" aria-hidden="true" class="files-collaborators-collaborator-name">einstein</span> <span data-v-ccf14be2="" class="oc-invisible-sr">Share receiver name: einstein</span>
          <!--v-if-->
        </div>
        <div data-v-ccf14be2="">
          <div data-v-ccf14be2="" class="oc-flex oc-flex-nowrap oc-flex-middle">
            <role-dropdown-stub data-v-ccf14be2="" existingsharerole="undefined" existingsharepermissions="" domselector="1" mode="edit" showicon="false" islocked="false" isexternal="false" class="files-collaborators-collaborator-role"></role-dropdown-stub>
          </div>
        </div>
      </div>
    </div>
    <div data-v-ccf14be2="" class="oc-flex oc-flex-middle oc-width-1-3 files-collaborators-collaborator-navigation">
      <!--v-if-->
      <oc-icon-stub data-v-ccf14be2="" name="folder-shared" fill-type="line" class="files-collaborators-collaborator-shared-via oc-ml-xs oc-p-xs"></oc-icon-stub>
      <edit-dropdown-stub data-v-ccf14be2="" accessdetails="[object Object],[object Object],[object Object],[object Object],[object Object],[object Object],[object Object],[object Object],[object Object],[object Object]" sharecategory="user" canedit="true" canremove="false" issharedenied="false" deniable="false" islocked="false" sharedparentroute="[object Object]" class="files-collaborators-collaborator-edit oc-ml-xs" data-testid="collaborator-edit"></edit-dropdown-stub>
    </div>
  </div>
</div>"
`;
