// Vitest Snapshot v1, https://vitest.dev/guide/snapshot.html

exports[`OcDatePicker > renders 1`] = `
"<div class="oc-date-picker"><label class="oc-label" for="oc-textinput-1">Datepicker label
    <!--v-if-->
  </label>
  <div class="oc-position-relative">
    <!--v-if--> <input id="oc-textinput-1" aria-invalid="false" class="oc-text-input oc-input oc-rounded" type="date" value="">
    <!--v-if-->
  </div>
  <div class="oc-text-input-message oc-text-small">
    <!--v-if-->
  </div>
  <!--v-if-->
</div>"
`;
