// Vitest Snapshot v1, https://vitest.dev/guide/snapshot.html

exports[`InviteCollaborator RecipientContainer > displays an avatar image if capability is present 1`] = `
"<span class="oc-recipient files-share-invite-recipient" data-testid="recipient-container-Albert Einstein"><span class="vue-avatar--wrapper oc-avatar oc-recipient-avatar" style="width: 16.8px; height: 16.8px; line-height: 16.8px; font-size: 6px; font-family: Helvetica, Arial, sans-serif; color: white;" width="16.8" aria-hidden="true" focusable="false" data-test-user-name="Albert Einstein" data-testid="recipient-avatar"><img src="avatarUrl" alt="" aria-hidden="true" loading="lazy" class="avatarImg"></span>
<p class="oc-recipient-name" data-testid="recipient-name">Albert Einstein</p> <!-- @slot Append content (actions, additional info, etc.)  --> <button type="button" aria-label="Deselect Albert Einstein" class="oc-button oc-rounded oc-button-m oc-button-justify-content-center oc-button-gap-m oc-button-secondary oc-button-raw oc-button-secondary-raw files-share-invite-recipient-btn-remove raw-hover-surface">
  <!--v-if-->
  <!-- @slot Content of the button -->
  <oc-icon-stub accessiblelabel="" color="" filltype="fill" name="close" size="small" type="span"></oc-icon-stub>
</button></span>"
`;

exports[`InviteCollaborator RecipientContainer > renders a recipient with a deselect button > different recipients for different shareTypes 1`] = `
"<span class="oc-recipient files-share-invite-recipient" data-testid="recipient-container-Albert Einstein"><span class="vue-avatar--wrapper oc-avatar oc-recipient-avatar" style="width: 16.8px; height: 16.8px; line-height: 16.8px; background-color: #c21c53; font-size: 6px; font-family: Helvetica, Arial, sans-serif; color: white;" width="16.8" aria-hidden="true" focusable="false" data-test-user-name="Albert Einstein" data-testid="recipient-avatar"><span class="avatar-initials" style="color: white;">AE</span></span>
<p class="oc-recipient-name" data-testid="recipient-name">Albert Einstein</p> <!-- @slot Append content (actions, additional info, etc.)  --> <button type="button" aria-label="Deselect Albert Einstein" class="oc-button oc-rounded oc-button-m oc-button-justify-content-center oc-button-gap-m oc-button-secondary oc-button-raw oc-button-secondary-raw files-share-invite-recipient-btn-remove raw-hover-surface">
  <!--v-if-->
  <!-- @slot Content of the button -->
  <oc-icon-stub accessiblelabel="" color="" filltype="fill" name="close" size="small" type="span"></oc-icon-stub>
</button></span>"
`;

exports[`InviteCollaborator RecipientContainer > renders a recipient with a deselect button > different recipients for different shareTypes 2`] = `"<span class="oc-recipient files-share-invite-recipient" data-testid="recipient-container-Albert Einstein"><oc-icon-stub accessiblelabel="Group" color="" filltype="fill" name="group" size="small" type="span" class="oc-recipient-icon" data-testid="recipient-icon"></oc-icon-stub> <p class="oc-recipient-name" data-testid="recipient-name">Albert Einstein</p> <!-- @slot Append content (actions, additional info, etc.)  --> <button type="button" aria-label="Deselect Albert Einstein" class="oc-button oc-rounded oc-button-m oc-button-justify-content-center oc-button-gap-m oc-button-secondary oc-button-raw oc-button-secondary-raw files-share-invite-recipient-btn-remove raw-hover-surface"><!--v-if--> <!-- @slot Content of the button --> <oc-icon-stub accessiblelabel="" color="" filltype="fill" name="close" size="small" type="span"></oc-icon-stub></button></span>"`;

exports[`InviteCollaborator RecipientContainer > renders a recipient with a deselect button > different recipients for different shareTypes 3`] = `"<span class="oc-recipient files-share-invite-recipient" data-testid="recipient-container-Albert Einstein"><oc-icon-stub accessiblelabel="Guest user" color="" filltype="fill" name="global" size="small" type="span" class="oc-recipient-icon" data-testid="recipient-icon"></oc-icon-stub> <p class="oc-recipient-name" data-testid="recipient-name">Albert Einstein</p> <!-- @slot Append content (actions, additional info, etc.)  --> <button type="button" aria-label="Deselect Albert Einstein" class="oc-button oc-rounded oc-button-m oc-button-justify-content-center oc-button-gap-m oc-button-secondary oc-button-raw oc-button-secondary-raw files-share-invite-recipient-btn-remove raw-hover-surface"><!--v-if--> <!-- @slot Content of the button --> <oc-icon-stub accessiblelabel="" color="" filltype="fill" name="close" size="small" type="span"></oc-icon-stub></button></span>"`;

exports[`InviteCollaborator RecipientContainer > renders a recipient with a deselect button > different recipients for different shareTypes 4`] = `"<span class="oc-recipient files-share-invite-recipient" data-testid="recipient-container-Albert Einstein"><oc-icon-stub accessiblelabel="External user" color="" filltype="fill" name="earth" size="small" type="span" class="oc-recipient-icon" data-testid="recipient-icon"></oc-icon-stub> <p class="oc-recipient-name" data-testid="recipient-name">Albert Einstein</p> <!-- @slot Append content (actions, additional info, etc.)  --> <button type="button" aria-label="Deselect Albert Einstein" class="oc-button oc-rounded oc-button-m oc-button-justify-content-center oc-button-gap-m oc-button-secondary oc-button-raw oc-button-secondary-raw files-share-invite-recipient-btn-remove raw-hover-surface"><!--v-if--> <!-- @slot Content of the button --> <oc-icon-stub accessiblelabel="" color="" filltype="fill" name="close" size="small" type="span"></oc-icon-stub></button></span>"`;
