// Vitest Snapshot v1, https://vitest.dev/guide/snapshot.html

exports[`SpaceQuota component > renders the space storage quota label 1`] = `
"<div class="space-quota">
  <p class="oc-mb-s oc-mt-rm">1 B of 10 B used (10% used)</p>
  <oc-progress-stub max="100" color="var(--oc-role-secondary)" backgroundcolor="var(--oc-role-surface)" indeterminate="false" size="small" value="10"></oc-progress-stub>
</div>"
`;
