// Vitest Snapshot v1, https://vitest.dev/guide/snapshot.html

exports[`TrashOverview > view states > should render trash list 1`] = `
"<div class="oc-flex">
  <div data-v-39c970be="" class="files-view-wrapper oc-width-expand">
    <div data-v-39c970be="" id="files-view">
      <app-bar-stub viewmodedefault="resource-table" breadcrumbs="[object Object]" breadcrumbscontextactionsitems="" viewmodes="" hasbulkactions="false" hasviewoptions="false" hashiddenfiles="false" hasfileextensions="false" haspagination="false" showactionsonselection="false" issidebaropen="false" batchactionsloading="false"></app-bar-stub>
      <div class="trash-bin-filters oc-flex oc-flex-right oc-flex-wrap oc-flex-bottom oc-mx-m oc-mb-m">
        <div class=""><label class="oc-label" for="spaces-filter">Search
            <!--v-if-->
          </label>
          <div class="oc-position-relative">
            <!--v-if--> <input id="spaces-filter" autocomplete="off" aria-invalid="false" class="oc-text-input oc-input oc-rounded" type="text" value="">
            <!--v-if-->
          </div>
          <!--v-if-->
          <!--v-if-->
        </div>
      </div>
      <table class="oc-table oc-table-hover oc-table-sticky has-item-context-menu trash-table files-table" id="files-space-table" selection="">
        <thead class="oc-thead">
          <tr class="oc-table-header-row">
            <th class="oc-table-cell oc-table-cell-align-left oc-table-cell-align-middle oc-table-cell-width-expand oc-th oc-table-header-cell oc-table-header-cell-name oc-pl-m" style="top: 0px;" aria-sort="ascending"><button type="button" aria-label="Sort by name" class="oc-button oc-rounded oc-button-m oc-button-justify-content-center oc-button-gap-s oc-button-secondary oc-button-raw oc-button-secondary-raw no-hover oc-button-sort oc-width-1-1">
                <!--v-if-->
                <!-- @slot Content of the button --> <span class="oc-table-thead-content header-text">Name</span> <span class="oc-icon oc-icon-s oc-p-xs oc-rounded"><!----></span>
              </button></th>
            <th class="oc-table-cell oc-table-cell-align-right oc-table-cell-align-middle oc-table-cell-width-shrink oc-th oc-table-header-cell oc-table-header-cell-indicators oc-pr-m" style="top: 0px;">
              <div><span class="oc-table-thead-content header-text">Status</span></div>
            </th>
          </tr>
        </thead>
        <tbody class="has-item-context-menu">
          <tr class="oc-tbody-tr oc-tbody-tr-1" data-item-id="1" draggable="false">
            <td class="oc-table-cell oc-table-cell-align-left oc-table-cell-align-middle oc-table-cell-width-auto oc-td" colspan="2"><span class="shimmer"></span></td>
          </tr>
          <tr class="oc-tbody-tr oc-tbody-tr-2" data-item-id="2" draggable="false">
            <td class="oc-table-cell oc-table-cell-align-left oc-table-cell-align-middle oc-table-cell-width-auto oc-td" colspan="2"><span class="shimmer"></span></td>
          </tr>
          <tr class="oc-tbody-tr oc-tbody-tr-3" data-item-id="3" draggable="false">
            <td class="oc-table-cell oc-table-cell-align-left oc-table-cell-align-middle oc-table-cell-width-auto oc-td" colspan="2"><span class="shimmer"></span></td>
          </tr>
        </tbody>
        <tfoot class="oc-table-footer">
          <tr class="oc-table-footer-row">
            <td colspan="2" class="oc-table-footer-cell">
              <!-- @slot Footer of the table -->
              <!-- @slot Footer of the files table -->
              <div class="oc-text-center oc-width-1-1 oc-my-s">
                <p class="oc-text-muted">3 trashes in total</p>
                <!--v-if-->
              </div>
            </td>
          </tr>
        </tfoot>
      </table>
      <!--v-if-->
    </div>
  </div>
  <!--v-if-->
  <file-side-bar-stub isopen="false"></file-side-bar-stub>
</div>"
`;
