// Vitest Snapshot v1, https://vitest.dev/guide/snapshot.html

exports[`User Menu component > when no quota and email is set > the user menu does not contain a quota 1`] = `
"<nav data-v-08f1b1e7="" aria-label="Account menu">
  <oc-button-stub data-v-08f1b1e7="" id="_userMenuButton" class="oc-topbar-personal" appearance="raw" no-hover="" aria-label="My Account"><span data-v-08f1b1e7="" class="vue-avatar--wrapper oc-avatar oc-topbar-avatar oc-topbar-personal-avatar oc-flex-inline oc-flex-center oc-flex-middle" style="width: 36px; height: 36px; line-height: 36px; background-color: var(--oc-role-on-chrome); font-size: 14px; font-family: Helvetica, Arial, sans-serif; color: white;" width="36" aria-hidden="true" focusable="false" data-test-user-name="Albert Einstein"><span class="avatar-initials" style="color: var(--oc-role-chrome);">AE</span></span></oc-button-stub>
  <oc-drop-stub data-v-08f1b1e7="" title="Account" drop-id="account-info-container" toggle="#_userMenuButton" mode="click" close-on-click="" padding-size="small" class="oc-overflow-hidden">
    <oc-list-stub data-v-08f1b1e7="" class="user-menu-list">
      <li data-v-08f1b1e7="" class="profile-info-wrapper oc-pl-s"><span data-v-08f1b1e7="" class="vue-avatar--wrapper oc-avatar" style="width: 36px; height: 36px; line-height: 36px; background-color: var(--oc-role-chrome); font-size: 14px; font-family: Helvetica, Arial, sans-serif; color: white;" width="36" aria-hidden="true" focusable="false" data-test-user-name="Albert Einstein"><span class="avatar-initials" style="color: var(--oc-role-on-chrome);">AE</span></span> <span data-v-08f1b1e7="" class="profile-info-wrapper"><span data-v-08f1b1e7="" class="oc-display-block">Albert Einstein</span> <span data-v-08f1b1e7="" class="oc-text-small">test@test.de</span>
        <!--v-if--></span>
      </li>
      <li data-v-08f1b1e7="">
        <oc-button-stub data-v-08f1b1e7="" id="oc-topbar-account-manage" type="router-link" to="[object Object]" appearance="raw">
          <oc-icon-stub data-v-08f1b1e7="" name="settings-4" fill-type="line"></oc-icon-stub> <span data-v-08f1b1e7="">Preferences</span>
        </oc-button-stub>
      </li>
      <li data-v-08f1b1e7="">
        <oc-button-stub data-v-08f1b1e7="" id="oc-topbar-account-logout" appearance="raw">
          <oc-icon-stub data-v-08f1b1e7="" name="logout-box-r" fill-type="line"></oc-icon-stub> <span data-v-08f1b1e7="">Log out</span>
        </oc-button-stub>
      </li>
    </oc-list-stub>
    <!--v-if-->
  </oc-drop-stub>
</nav>"
`;

exports[`User Menu component > when no quota and no email is set > the user menu does not contain a quota 1`] = `
"<nav data-v-08f1b1e7="" aria-label="Account menu">
  <oc-button-stub data-v-08f1b1e7="" id="_userMenuButton" class="oc-topbar-personal" appearance="raw" no-hover="" aria-label="My Account"><span data-v-08f1b1e7="" class="vue-avatar--wrapper oc-avatar oc-topbar-avatar oc-topbar-personal-avatar oc-flex-inline oc-flex-center oc-flex-middle" style="width: 36px; height: 36px; line-height: 36px; background-color: var(--oc-role-on-chrome); font-size: 14px; font-family: Helvetica, Arial, sans-serif; color: white;" width="36" aria-hidden="true" focusable="false" data-test-user-name="Albert Einstein"><span class="avatar-initials" style="color: var(--oc-role-chrome);">AE</span></span></oc-button-stub>
  <oc-drop-stub data-v-08f1b1e7="" title="Account" drop-id="account-info-container" toggle="#_userMenuButton" mode="click" close-on-click="" padding-size="small" class="oc-overflow-hidden">
    <oc-list-stub data-v-08f1b1e7="" class="user-menu-list">
      <li data-v-08f1b1e7="" class="profile-info-wrapper oc-pl-s"><span data-v-08f1b1e7="" class="vue-avatar--wrapper oc-avatar" style="width: 36px; height: 36px; line-height: 36px; background-color: var(--oc-role-chrome); font-size: 14px; font-family: Helvetica, Arial, sans-serif; color: white;" width="36" aria-hidden="true" focusable="false" data-test-user-name="Albert Einstein"><span class="avatar-initials" style="color: var(--oc-role-on-chrome);">AE</span></span> <span data-v-08f1b1e7="" class="profile-info-wrapper oc-py-xs"><span data-v-08f1b1e7="" class="oc-display-block">Albert Einstein</span>
        <!--v-if-->
        <!--v-if--></span>
      </li>
      <li data-v-08f1b1e7="">
        <oc-button-stub data-v-08f1b1e7="" id="oc-topbar-account-manage" type="router-link" to="[object Object]" appearance="raw">
          <oc-icon-stub data-v-08f1b1e7="" name="settings-4" fill-type="line"></oc-icon-stub> <span data-v-08f1b1e7="">Preferences</span>
        </oc-button-stub>
      </li>
      <li data-v-08f1b1e7="">
        <oc-button-stub data-v-08f1b1e7="" id="oc-topbar-account-logout" appearance="raw">
          <oc-icon-stub data-v-08f1b1e7="" name="logout-box-r" fill-type="line"></oc-icon-stub> <span data-v-08f1b1e7="">Log out</span>
        </oc-button-stub>
      </li>
    </oc-list-stub>
    <!--v-if-->
  </oc-drop-stub>
</nav>"
`;

exports[`User Menu component > when quota and no email is set > renders a navigation without email 1`] = `
"<nav data-v-08f1b1e7="" aria-label="Account menu">
  <oc-button-stub data-v-08f1b1e7="" id="_userMenuButton" class="oc-topbar-personal" appearance="raw" no-hover="" aria-label="My Account"><span data-v-08f1b1e7="" class="vue-avatar--wrapper oc-avatar oc-topbar-avatar oc-topbar-personal-avatar oc-flex-inline oc-flex-center oc-flex-middle" style="width: 36px; height: 36px; line-height: 36px; background-color: var(--oc-role-on-chrome); font-size: 14px; font-family: Helvetica, Arial, sans-serif; color: white;" width="36" aria-hidden="true" focusable="false" data-test-user-name="Albert Einstein"><span class="avatar-initials" style="color: var(--oc-role-chrome);">AE</span></span></oc-button-stub>
  <oc-drop-stub data-v-08f1b1e7="" title="Account" drop-id="account-info-container" toggle="#_userMenuButton" mode="click" close-on-click="" padding-size="small" class="oc-overflow-hidden">
    <oc-list-stub data-v-08f1b1e7="" class="user-menu-list">
      <li data-v-08f1b1e7="" class="profile-info-wrapper oc-pl-s"><span data-v-08f1b1e7="" class="vue-avatar--wrapper oc-avatar" style="width: 36px; height: 36px; line-height: 36px; background-color: var(--oc-role-chrome); font-size: 14px; font-family: Helvetica, Arial, sans-serif; color: white;" width="36" aria-hidden="true" focusable="false" data-test-user-name="Albert Einstein"><span class="avatar-initials" style="color: var(--oc-role-on-chrome);">AE</span></span> <span data-v-08f1b1e7="" class="profile-info-wrapper oc-py-xs"><span data-v-08f1b1e7="" class="oc-display-block">Albert Einstein</span>
        <!--v-if-->
        <div data-v-08f1b1e7="" class="quota-information oc-flex oc-flex-bottom oc-text-small oc-mt-xs">
          <oc-icon-stub name="hard-drive-2" size="small" fill-type="line" class="oc-mr-xs"></oc-icon-stub>
          <div>
            <p class="oc-my-rm"><span class="quota-information-text">300 B of 1 kB used (30%)</span></p>
            <oc-progress-stub class="quota-information-progress-bar" max="100" size="small" color="var(--oc-role-secondary)" value="30"></oc-progress-stub>
          </div>
        </div></span>
      </li>
      <li data-v-08f1b1e7="">
        <oc-button-stub data-v-08f1b1e7="" id="oc-topbar-account-manage" type="router-link" to="[object Object]" appearance="raw">
          <oc-icon-stub data-v-08f1b1e7="" name="settings-4" fill-type="line"></oc-icon-stub> <span data-v-08f1b1e7="">Preferences</span>
        </oc-button-stub>
      </li>
      <li data-v-08f1b1e7="">
        <oc-button-stub data-v-08f1b1e7="" id="oc-topbar-account-logout" appearance="raw">
          <oc-icon-stub data-v-08f1b1e7="" name="logout-box-r" fill-type="line"></oc-icon-stub> <span data-v-08f1b1e7="">Log out</span>
        </oc-button-stub>
      </li>
    </oc-list-stub>
    <!--v-if-->
  </oc-drop-stub>
</nav>"
`;

exports[`User Menu component > when quota is above 80% and below 90% > renders a warning quota progress bar 1`] = `
"<nav data-v-08f1b1e7="" aria-label="Account menu">
  <oc-button-stub data-v-08f1b1e7="" id="_userMenuButton" class="oc-topbar-personal" appearance="raw" no-hover="" aria-label="My Account"><span data-v-08f1b1e7="" class="vue-avatar--wrapper oc-avatar oc-topbar-avatar oc-topbar-personal-avatar oc-flex-inline oc-flex-center oc-flex-middle" style="width: 36px; height: 36px; line-height: 36px; background-color: var(--oc-role-on-chrome); font-size: 14px; font-family: Helvetica, Arial, sans-serif; color: white;" width="36" aria-hidden="true" focusable="false" data-test-user-name="Albert Einstein"><span class="avatar-initials" style="color: var(--oc-role-chrome);">AE</span></span></oc-button-stub>
  <oc-drop-stub data-v-08f1b1e7="" title="Account" drop-id="account-info-container" toggle="#_userMenuButton" mode="click" close-on-click="" padding-size="small" class="oc-overflow-hidden">
    <oc-list-stub data-v-08f1b1e7="" class="user-menu-list">
      <li data-v-08f1b1e7="" class="profile-info-wrapper oc-pl-s"><span data-v-08f1b1e7="" class="vue-avatar--wrapper oc-avatar" style="width: 36px; height: 36px; line-height: 36px; background-color: var(--oc-role-chrome); font-size: 14px; font-family: Helvetica, Arial, sans-serif; color: white;" width="36" aria-hidden="true" focusable="false" data-test-user-name="Albert Einstein"><span class="avatar-initials" style="color: var(--oc-role-on-chrome);">AE</span></span> <span data-v-08f1b1e7="" class="profile-info-wrapper"><span data-v-08f1b1e7="" class="oc-display-block">Albert Einstein</span> <span data-v-08f1b1e7="" class="oc-text-small">test@test.de</span>
        <div data-v-08f1b1e7="" class="quota-information oc-flex oc-flex-bottom oc-text-small oc-mt-xs">
          <oc-icon-stub name="hard-drive-2" size="small" fill-type="line" class="oc-mr-xs"></oc-icon-stub>
          <div>
            <p class="oc-my-rm"><span class="quota-information-text">810 B of 1 kB used (81%)</span></p>
            <oc-progress-stub class="quota-information-progress-bar" max="100" size="small" color="var(--oc-role-secondary)" value="81"></oc-progress-stub>
          </div>
        </div></span>
      </li>
      <li data-v-08f1b1e7="">
        <oc-button-stub data-v-08f1b1e7="" id="oc-topbar-account-manage" type="router-link" to="[object Object]" appearance="raw">
          <oc-icon-stub data-v-08f1b1e7="" name="settings-4" fill-type="line"></oc-icon-stub> <span data-v-08f1b1e7="">Preferences</span>
        </oc-button-stub>
      </li>
      <li data-v-08f1b1e7="">
        <oc-button-stub data-v-08f1b1e7="" id="oc-topbar-account-logout" appearance="raw">
          <oc-icon-stub data-v-08f1b1e7="" name="logout-box-r" fill-type="line"></oc-icon-stub> <span data-v-08f1b1e7="">Log out</span>
        </oc-button-stub>
      </li>
    </oc-list-stub>
    <!--v-if-->
  </oc-drop-stub>
</nav>"
`;

exports[`User Menu component > when quota is above 90% > renders a danger quota progress bar 1`] = `
"<nav data-v-08f1b1e7="" aria-label="Account menu">
  <oc-button-stub data-v-08f1b1e7="" id="_userMenuButton" class="oc-topbar-personal" appearance="raw" no-hover="" aria-label="My Account"><span data-v-08f1b1e7="" class="vue-avatar--wrapper oc-avatar oc-topbar-avatar oc-topbar-personal-avatar oc-flex-inline oc-flex-center oc-flex-middle" style="width: 36px; height: 36px; line-height: 36px; background-color: var(--oc-role-on-chrome); font-size: 14px; font-family: Helvetica, Arial, sans-serif; color: white;" width="36" aria-hidden="true" focusable="false" data-test-user-name="Albert Einstein"><span class="avatar-initials" style="color: var(--oc-role-chrome);">AE</span></span></oc-button-stub>
  <oc-drop-stub data-v-08f1b1e7="" title="Account" drop-id="account-info-container" toggle="#_userMenuButton" mode="click" close-on-click="" padding-size="small" class="oc-overflow-hidden">
    <oc-list-stub data-v-08f1b1e7="" class="user-menu-list">
      <li data-v-08f1b1e7="" class="profile-info-wrapper oc-pl-s"><span data-v-08f1b1e7="" class="vue-avatar--wrapper oc-avatar" style="width: 36px; height: 36px; line-height: 36px; background-color: var(--oc-role-chrome); font-size: 14px; font-family: Helvetica, Arial, sans-serif; color: white;" width="36" aria-hidden="true" focusable="false" data-test-user-name="Albert Einstein"><span class="avatar-initials" style="color: var(--oc-role-on-chrome);">AE</span></span> <span data-v-08f1b1e7="" class="profile-info-wrapper"><span data-v-08f1b1e7="" class="oc-display-block">Albert Einstein</span> <span data-v-08f1b1e7="" class="oc-text-small">test@test.de</span>
        <div data-v-08f1b1e7="" class="quota-information oc-flex oc-flex-bottom oc-text-small oc-mt-xs">
          <oc-icon-stub name="hard-drive-2" size="small" fill-type="line" class="oc-mr-xs"></oc-icon-stub>
          <div>
            <p class="oc-my-rm"><span class="quota-information-text">910 B of 1 kB used (91%)</span></p>
            <oc-progress-stub class="quota-information-progress-bar" max="100" size="small" color="var(--oc-role-error)" value="91"></oc-progress-stub>
          </div>
        </div></span>
      </li>
      <li data-v-08f1b1e7="">
        <oc-button-stub data-v-08f1b1e7="" id="oc-topbar-account-manage" type="router-link" to="[object Object]" appearance="raw">
          <oc-icon-stub data-v-08f1b1e7="" name="settings-4" fill-type="line"></oc-icon-stub> <span data-v-08f1b1e7="">Preferences</span>
        </oc-button-stub>
      </li>
      <li data-v-08f1b1e7="">
        <oc-button-stub data-v-08f1b1e7="" id="oc-topbar-account-logout" appearance="raw">
          <oc-icon-stub data-v-08f1b1e7="" name="logout-box-r" fill-type="line"></oc-icon-stub> <span data-v-08f1b1e7="">Log out</span>
        </oc-button-stub>
      </li>
    </oc-list-stub>
    <!--v-if-->
  </oc-drop-stub>
</nav>"
`;

exports[`User Menu component > when quota is below 80% > renders a primary quota progress bar 1`] = `
"<nav data-v-08f1b1e7="" aria-label="Account menu">
  <oc-button-stub data-v-08f1b1e7="" id="_userMenuButton" class="oc-topbar-personal" appearance="raw" no-hover="" aria-label="My Account"><span data-v-08f1b1e7="" class="vue-avatar--wrapper oc-avatar oc-topbar-avatar oc-topbar-personal-avatar oc-flex-inline oc-flex-center oc-flex-middle" style="width: 36px; height: 36px; line-height: 36px; background-color: var(--oc-role-on-chrome); font-size: 14px; font-family: Helvetica, Arial, sans-serif; color: white;" width="36" aria-hidden="true" focusable="false" data-test-user-name="Albert Einstein"><span class="avatar-initials" style="color: var(--oc-role-chrome);">AE</span></span></oc-button-stub>
  <oc-drop-stub data-v-08f1b1e7="" title="Account" drop-id="account-info-container" toggle="#_userMenuButton" mode="click" close-on-click="" padding-size="small" class="oc-overflow-hidden">
    <oc-list-stub data-v-08f1b1e7="" class="user-menu-list">
      <li data-v-08f1b1e7="" class="profile-info-wrapper oc-pl-s"><span data-v-08f1b1e7="" class="vue-avatar--wrapper oc-avatar" style="width: 36px; height: 36px; line-height: 36px; background-color: var(--oc-role-chrome); font-size: 14px; font-family: Helvetica, Arial, sans-serif; color: white;" width="36" aria-hidden="true" focusable="false" data-test-user-name="Albert Einstein"><span class="avatar-initials" style="color: var(--oc-role-on-chrome);">AE</span></span> <span data-v-08f1b1e7="" class="profile-info-wrapper"><span data-v-08f1b1e7="" class="oc-display-block">Albert Einstein</span> <span data-v-08f1b1e7="" class="oc-text-small">test@test.de</span>
        <div data-v-08f1b1e7="" class="quota-information oc-flex oc-flex-bottom oc-text-small oc-mt-xs">
          <oc-icon-stub name="hard-drive-2" size="small" fill-type="line" class="oc-mr-xs"></oc-icon-stub>
          <div>
            <p class="oc-my-rm"><span class="quota-information-text">300 B of 1 kB used (30%)</span></p>
            <oc-progress-stub class="quota-information-progress-bar" max="100" size="small" color="var(--oc-role-secondary)" value="30"></oc-progress-stub>
          </div>
        </div></span>
      </li>
      <li data-v-08f1b1e7="">
        <oc-button-stub data-v-08f1b1e7="" id="oc-topbar-account-manage" type="router-link" to="[object Object]" appearance="raw">
          <oc-icon-stub data-v-08f1b1e7="" name="settings-4" fill-type="line"></oc-icon-stub> <span data-v-08f1b1e7="">Preferences</span>
        </oc-button-stub>
      </li>
      <li data-v-08f1b1e7="">
        <oc-button-stub data-v-08f1b1e7="" id="oc-topbar-account-logout" appearance="raw">
          <oc-icon-stub data-v-08f1b1e7="" name="logout-box-r" fill-type="line"></oc-icon-stub> <span data-v-08f1b1e7="">Log out</span>
        </oc-button-stub>
      </li>
    </oc-list-stub>
    <!--v-if-->
  </oc-drop-stub>
</nav>"
`;

exports[`User Menu component > when quota is not defined > renders no percentag of total and no progress bar 1`] = `
"<nav data-v-08f1b1e7="" aria-label="Account menu">
  <oc-button-stub data-v-08f1b1e7="" id="_userMenuButton" class="oc-topbar-personal" appearance="raw" no-hover="" aria-label="My Account"><span data-v-08f1b1e7="" class="vue-avatar--wrapper oc-avatar oc-topbar-avatar oc-topbar-personal-avatar oc-flex-inline oc-flex-center oc-flex-middle" style="width: 36px; height: 36px; line-height: 36px; background-color: var(--oc-role-on-chrome); font-size: 14px; font-family: Helvetica, Arial, sans-serif; color: white;" width="36" aria-hidden="true" focusable="false" data-test-user-name="Albert Einstein"><span class="avatar-initials" style="color: var(--oc-role-chrome);">AE</span></span></oc-button-stub>
  <oc-drop-stub data-v-08f1b1e7="" title="Account" drop-id="account-info-container" toggle="#_userMenuButton" mode="click" close-on-click="" padding-size="small" class="oc-overflow-hidden">
    <oc-list-stub data-v-08f1b1e7="" class="user-menu-list">
      <li data-v-08f1b1e7="" class="profile-info-wrapper oc-pl-s"><span data-v-08f1b1e7="" class="vue-avatar--wrapper oc-avatar" style="width: 36px; height: 36px; line-height: 36px; background-color: var(--oc-role-chrome); font-size: 14px; font-family: Helvetica, Arial, sans-serif; color: white;" width="36" aria-hidden="true" focusable="false" data-test-user-name="Albert Einstein"><span class="avatar-initials" style="color: var(--oc-role-on-chrome);">AE</span></span> <span data-v-08f1b1e7="" class="profile-info-wrapper"><span data-v-08f1b1e7="" class="oc-display-block">Albert Einstein</span> <span data-v-08f1b1e7="" class="oc-text-small">test@test.de</span>
        <div data-v-08f1b1e7="" class="quota-information oc-flex oc-flex-bottom oc-text-small oc-mt-xs">
          <oc-icon-stub name="hard-drive-2" size="small" fill-type="line" class="oc-mr-xs"></oc-icon-stub>
          <div>
            <p class="oc-my-rm"><span class="quota-information-text">910 B used</span></p>
            <!--v-if-->
          </div>
        </div></span>
      </li>
      <li data-v-08f1b1e7="">
        <oc-button-stub data-v-08f1b1e7="" id="oc-topbar-account-manage" type="router-link" to="[object Object]" appearance="raw">
          <oc-icon-stub data-v-08f1b1e7="" name="settings-4" fill-type="line"></oc-icon-stub> <span data-v-08f1b1e7="">Preferences</span>
        </oc-button-stub>
      </li>
      <li data-v-08f1b1e7="">
        <oc-button-stub data-v-08f1b1e7="" id="oc-topbar-account-logout" appearance="raw">
          <oc-icon-stub data-v-08f1b1e7="" name="logout-box-r" fill-type="line"></oc-icon-stub> <span data-v-08f1b1e7="">Log out</span>
        </oc-button-stub>
      </li>
    </oc-list-stub>
    <!--v-if-->
  </oc-drop-stub>
</nav>"
`;

exports[`User Menu component > when quota is unlimited > renders no percentag of total and no progress bar 1`] = `
"<nav data-v-08f1b1e7="" aria-label="Account menu">
  <oc-button-stub data-v-08f1b1e7="" id="_userMenuButton" class="oc-topbar-personal" appearance="raw" no-hover="" aria-label="My Account"><span data-v-08f1b1e7="" class="vue-avatar--wrapper oc-avatar oc-topbar-avatar oc-topbar-personal-avatar oc-flex-inline oc-flex-center oc-flex-middle" style="width: 36px; height: 36px; line-height: 36px; background-color: var(--oc-role-on-chrome); font-size: 14px; font-family: Helvetica, Arial, sans-serif; color: white;" width="36" aria-hidden="true" focusable="false" data-test-user-name="Albert Einstein"><span class="avatar-initials" style="color: var(--oc-role-chrome);">AE</span></span></oc-button-stub>
  <oc-drop-stub data-v-08f1b1e7="" title="Account" drop-id="account-info-container" toggle="#_userMenuButton" mode="click" close-on-click="" padding-size="small" class="oc-overflow-hidden">
    <oc-list-stub data-v-08f1b1e7="" class="user-menu-list">
      <li data-v-08f1b1e7="" class="profile-info-wrapper oc-pl-s"><span data-v-08f1b1e7="" class="vue-avatar--wrapper oc-avatar" style="width: 36px; height: 36px; line-height: 36px; background-color: var(--oc-role-chrome); font-size: 14px; font-family: Helvetica, Arial, sans-serif; color: white;" width="36" aria-hidden="true" focusable="false" data-test-user-name="Albert Einstein"><span class="avatar-initials" style="color: var(--oc-role-on-chrome);">AE</span></span> <span data-v-08f1b1e7="" class="profile-info-wrapper"><span data-v-08f1b1e7="" class="oc-display-block">Albert Einstein</span> <span data-v-08f1b1e7="" class="oc-text-small">test@test.de</span>
        <div data-v-08f1b1e7="" class="quota-information oc-flex oc-flex-bottom oc-text-small oc-mt-xs">
          <oc-icon-stub name="hard-drive-2" size="small" fill-type="line" class="oc-mr-xs"></oc-icon-stub>
          <div>
            <p class="oc-my-rm"><span class="quota-information-text">300 B used</span></p>
            <!--v-if-->
          </div>
        </div></span>
      </li>
      <li data-v-08f1b1e7="">
        <oc-button-stub data-v-08f1b1e7="" id="oc-topbar-account-manage" type="router-link" to="[object Object]" appearance="raw">
          <oc-icon-stub data-v-08f1b1e7="" name="settings-4" fill-type="line"></oc-icon-stub> <span data-v-08f1b1e7="">Preferences</span>
        </oc-button-stub>
      </li>
      <li data-v-08f1b1e7="">
        <oc-button-stub data-v-08f1b1e7="" id="oc-topbar-account-logout" appearance="raw">
          <oc-icon-stub data-v-08f1b1e7="" name="logout-box-r" fill-type="line"></oc-icon-stub> <span data-v-08f1b1e7="">Log out</span>
        </oc-button-stub>
      </li>
    </oc-list-stub>
    <!--v-if-->
  </oc-drop-stub>
</nav>"
`;

exports[`User Menu component > when user is not logged in > renders a navigation with login button 1`] = `
"<nav data-v-08f1b1e7="" aria-label="Account menu">
  <oc-button-stub data-v-08f1b1e7="" id="_userMenuButton" class="oc-topbar-personal" appearance="raw" no-hover="" aria-label="My Account">
    <div data-v-08f1b1e7="" data-test-item-name="User Menu login" aria-hidden="true" focusable="false" class="oc-topbar-avatar oc-topbar-unauthenticated-avatar oc-flex-inline oc-flex-center oc-flex-middle"><span class="oc-avatar-item" style="background-color: var(--oc-role-surface); --icon-color: var(--oc-role-on-surface); --width: 32px;"><oc-icon-stub accessiblelabel="" color="" filltype="line" name="user" size="small" type="span"></oc-icon-stub></span></div>
  </oc-button-stub>
  <oc-drop-stub data-v-08f1b1e7="" title="Account" drop-id="account-info-container" toggle="#_userMenuButton" mode="click" close-on-click="" padding-size="small" class="oc-overflow-hidden">
    <oc-list-stub data-v-08f1b1e7="" class="user-menu-list">
      <li data-v-08f1b1e7="">
        <oc-button-stub data-v-08f1b1e7="" id="oc-topbar-account-manage" type="router-link" to="[object Object]" appearance="raw">
          <oc-icon-stub data-v-08f1b1e7="" name="settings-4" fill-type="line" class="oc-p-xs"></oc-icon-stub> <span data-v-08f1b1e7="">Preferences</span>
        </oc-button-stub>
      </li>
      <li data-v-08f1b1e7="">
        <oc-button-stub data-v-08f1b1e7="" id="oc-topbar-account-login" appearance="raw" type="router-link" to="[object Object]">
          <oc-icon-stub data-v-08f1b1e7="" name="login-box" fill-type="line" class="oc-p-xs"></oc-icon-stub> <span data-v-08f1b1e7="">Log in</span>
        </oc-button-stub>
      </li>
    </oc-list-stub>
    <!--v-if-->
  </oc-drop-stub>
</nav>"
`;
