// Vitest Snapshot v1, https://vitest.dev/guide/snapshot.html

exports[`EditPanel > renders all available inputs 1`] = `
"<div id="group-edit-panel" class="oc-mt-xl">
  <div class="oc-flex group-info oc-mb-l"><span class="vue-avatar--wrapper oc-avatar oc-mb-m" style="width: 80px; height: 80px; line-height: 80px; background-color: var(--oc-role-secondary); font-size: 32px; font-family: Helvetica, Arial, sans-serif; color: white;" width="80" aria-hidden="true" focusable="false" data-test-user-name="group"><span class="avatar-initials" style="color: white;">G</span></span> <span class="oc-text-muted group-info-display-name">group</span> <span class="oc-text-muted">0 members</span></div>
  <form id="group-edit-form" class="oc-surface-container oc-p-m" autocomplete="off">
    <oc-text-input-stub id="displayName-input" modelvalue="group" class="oc-mb-s" label="Group name" error-message="" fix-message-line="true" required-mark=""></oc-text-input-stub>
    <div data-v-79550c21="" class="compare-save-dialog oc-width-1-1 oc-flex oc-flex-between oc-flex-middle edit-compare-save-dialog oc-mb-l"><span data-v-79550c21="" class="state-indicator">No changes</span>
      <div data-v-79550c21="">
        <oc-button-stub data-v-79550c21="" disabled="true" class="compare-save-dialog-revert-btn"></oc-button-stub>
        <oc-button-stub data-v-79550c21="" appearance="filled" class="compare-save-dialog-confirm-btn" disabled="true"></oc-button-stub>
      </div>
    </div>
  </form>
</div>"
`;
