// Vitest Snapshot v1, https://vitest.dev/guide/snapshot.html

exports[`OcResourceName > does not show the name as HTML title if the path is being displayed 1`] = `
"<span class="oc-resource-name flex hover:underline min-w-0" data-test-resource-path="folder" data-test-resource-name="folder" data-test-resource-type="folder"><span class="truncate"><span class="oc-resource-basename whitespace-pre text-role-on-surface">folder</span></span>
<!--v-if--></span>"
`;

exports[`OcResourceName > does not truncate a very long name when disabled 1`] = `"<span class="oc-resource-name flex hover:underline min-w-0 inline-block" data-test-resource-path="super-long-file-name-which-will-be-truncated-when-exceeding-the-screen-space-while-still-preserving-the-file-extension-at-the-end.txt" data-test-resource-name=".super-long-file-name-which-will-be-truncated-when-exceeding-the-screen-space-while-still-preserving-the-file-extension-at-the-end.txt" data-test-resource-type="file" title=".super-long-file-name-which-will-be-truncated-when-exceeding-the-screen-space-while-still-preserving-the-file-extension-at-the-end.txt"><span class="oc-resource-basename break-normal text-role-on-surface">.super-long-file-name-which-will-be-truncated-when-exceeding-the-screen-space-while-still-preserving-the-file-extension-at-the-end</span><span class="oc-resource-extension whitespace-pre text-role-on-surface">.txt</span></span>"`;

exports[`OcResourceName > doesn't add extension to hidden folder 1`] = `
"<span class="oc-resource-name flex hover:underline min-w-0" data-test-resource-path=".hidden" data-test-resource-name=".hidden" data-test-resource-type="folder" title=".hidden"><span class="truncate"><span class="oc-resource-basename whitespace-pre text-role-on-surface">.hidden</span></span>
<!--v-if--></span>"
`;

exports[`OcResourceName > renders folder names with dots completely in the basename 1`] = `
"<span class="oc-resource-name flex hover:underline min-w-0" data-test-resource-path="folder.with.dots" data-test-resource-name="folder.with.dots" data-test-resource-type="folder" title="folder.with.dots"><span class="truncate"><span class="oc-resource-basename whitespace-pre text-role-on-surface">folder.with.dots</span></span>
<!--v-if--></span>"
`;

exports[`OcResourceName > shows the name as HTML title if the path is not displayed 1`] = `
"<span class="oc-resource-name flex hover:underline min-w-0" data-test-resource-path="folder" data-test-resource-name="folder" data-test-resource-type="folder" title="folder"><span class="truncate"><span class="oc-resource-basename whitespace-pre text-role-on-surface">folder</span></span>
<!--v-if--></span>"
`;

exports[`OcResourceName > truncates very long name per default 1`] = `"<span class="oc-resource-name flex hover:underline min-w-0" data-test-resource-path="super-long-file-name-which-will-be-truncated-when-exceeding-the-screen-space-while-still-preserving-the-file-extension-at-the-end.txt" data-test-resource-name=".super-long-file-name-which-will-be-truncated-when-exceeding-the-screen-space-while-still-preserving-the-file-extension-at-the-end.txt" data-test-resource-type="file" title=".super-long-file-name-which-will-be-truncated-when-exceeding-the-screen-space-while-still-preserving-the-file-extension-at-the-end.txt"><span class="truncate"><span class="oc-resource-basename whitespace-pre text-role-on-surface">.super-long-file-name-which-will-be-truncated-when-exceeding-the-screen-space-while-still-preserving-the-file-extension-at-the-end</span></span><span class="oc-resource-extension whitespace-pre text-role-on-surface">.txt</span></span>"`;
