// Vitest Snapshot v1, https://vitest.dev/guide/snapshot.html

exports[`ResourceTiles component > renders a footer slot 1`] = `
"<div id="tiles-view" class="px-4 pt-2">
  <div class="flex items-center mb-2 pb-2 oc-tiles-controls"><span class="ml-2"><input id="tiles-view-select-all" type="checkbox" name="checkbox" class="oc-checkbox rounded-sm oc-checkbox-l m-0.5 checked:bg-white disabled:bg-role-surface-container-low indeterminate:bg-white bg-transparent inline-block overflow-hidden m-0.5 border-2 border-role-outline outline-0 focus-visible:outline outline-role-secondary" disabled="" aria-label="Select all"> <!--v-if--></span>
    <!--v-if-->
  </div>
  <ul class="oc-list oc-tiles grid justify-start"> </ul>
  <!--v-if-->
  <div class="oc-tiles-footer p-1 text-sm">Hello, ResourceTiles footer!</div>
</div>"
`;

exports[`ResourceTiles component > renders an array of spaces correctly 1`] = `
"<div id="tiles-view" class="px-4 pt-2">
  <div class="flex items-center mb-2 pb-2 oc-tiles-controls"><span class="ml-2"><input id="tiles-view-select-all" type="checkbox" name="checkbox" class="oc-checkbox rounded-sm oc-checkbox-l m-0.5 checked:bg-white disabled:bg-role-surface-container-low indeterminate:bg-white bg-transparent inline-block overflow-hidden m-0.5 border-2 border-role-outline outline-0 focus-visible:outline outline-role-secondary" aria-label="Select all"> <!--v-if--></span>
    <!--v-if-->
  </div>
  <ul class="oc-list oc-tiles grid justify-start">
    <li class="oc-tiles-item has-item-context-menu">
      <div class="oc-tile-card oc-card flex flex-col h-full bg-role-surface-container hover:bg-role-surface-container-highest outline outline-role-surface-container-highest" data-item-id="1" draggable="false"><a attrs="[object Object]" target="_self" draggable="false" class="oc-resource-link inline-flex max-w-full oc-card-media-top flex justify-center items-center m-0 w-full" no-hover="" tabindex="-1"></a>
        <div class="oc-card-body p-2">
          <div class="flex justify-between items-center">
            <div class="flex items-center truncate resource-name-wrapper text-role-on-surface overflow-hidden">
              <div class="oc-resource inline-flex justify-start items-center max-w-full overflow-visible">
                <!--v-if-->
                <div class="oc-resource-details block truncate"><a attrs="[object Object]" target="_self" draggable="false" class="oc-resource-link inline-flex max-w-full hover:outline-offset-0 focus:outline-offset-0" no-hover=""></a>
                  <div class="oc-resource-indicators flex">
                    <!--v-if-->
                  </div>
                </div>
              </div>
            </div>
            <div class="flex items-center">
              <!-- Slot for indicators !-->
              <!--v-if-->
              <!-- Slot for individual actions -->
              <!-- Slot for contextmenu --> <button type="button" aria-label="Show context menu" class="oc-button oc-button-m oc-button-justify-content-center oc-button-gap-m oc-button-secondary oc-button-raw oc-button-secondary-raw inline-flex quick-action-button ml-1 p-1 resource-tiles-btn-action-dropdown" id="context-menu-trigger-1">
                <!--v-if-->
                <!-- @slot Content of the button --> <span class="oc-icon oc-icon-m box-content"><svg data-testid="inline-svg-stub" src="icons/more-2-fill.svg" transform-source="(svg) => {
      if (__props.accessibleLabel !== &quot;&quot;) {
        const title = document.createElement(&quot;title&quot;);
        title.setAttribute(&quot;id&quot;, svgTitleId.value);
        title.appendChild(document.createTextNode(__props.accessibleLabel));
        svg.insertBefore(title, svg.firstChild);
      };
      return svg;
    }" aria-hidden="true" focusable="false"></svg></span>
                <div id="context-menu-drop-1" class="oc-drop oc-box-shadow-medium rounded-sm">
                  <div class="oc-card oc-card-body p-2"></div>
                </div>
              </button>
            </div>
          </div>
          <!--v-if-->
        </div>
      </div>
    </li>
    <li class="oc-tiles-item has-item-context-menu">
      <div class="oc-tile-card oc-card flex flex-col h-full bg-role-surface-container hover:bg-role-surface-container-highest outline outline-role-surface-container-highest" data-item-id="2" draggable="false"><a attrs="[object Object]" target="_self" draggable="false" class="oc-resource-link inline-flex max-w-full oc-card-media-top flex justify-center items-center m-0 w-full" no-hover="" tabindex="-1"></a>
        <div class="oc-card-body p-2">
          <div class="flex justify-between items-center">
            <div class="flex items-center truncate resource-name-wrapper text-role-on-surface overflow-hidden">
              <div class="oc-resource inline-flex justify-start items-center max-w-full overflow-visible">
                <!--v-if-->
                <div class="oc-resource-details block truncate"><a attrs="[object Object]" target="_self" draggable="false" class="oc-resource-link inline-flex max-w-full hover:outline-offset-0 focus:outline-offset-0" no-hover=""></a>
                  <div class="oc-resource-indicators flex">
                    <!--v-if-->
                  </div>
                </div>
              </div>
            </div>
            <div class="flex items-center">
              <!-- Slot for indicators !-->
              <!--v-if-->
              <!-- Slot for individual actions -->
              <!-- Slot for contextmenu --> <button type="button" aria-label="Show context menu" class="oc-button oc-button-m oc-button-justify-content-center oc-button-gap-m oc-button-secondary oc-button-raw oc-button-secondary-raw inline-flex quick-action-button ml-1 p-1 resource-tiles-btn-action-dropdown" id="context-menu-trigger-2">
                <!--v-if-->
                <!-- @slot Content of the button --> <span class="oc-icon oc-icon-m box-content"><svg data-testid="inline-svg-stub" src="icons/more-2-fill.svg" transform-source="(svg) => {
      if (__props.accessibleLabel !== &quot;&quot;) {
        const title = document.createElement(&quot;title&quot;);
        title.setAttribute(&quot;id&quot;, svgTitleId.value);
        title.appendChild(document.createTextNode(__props.accessibleLabel));
        svg.insertBefore(title, svg.firstChild);
      };
      return svg;
    }" aria-hidden="true" focusable="false"></svg></span>
                <div id="context-menu-drop-2" class="oc-drop oc-box-shadow-medium rounded-sm">
                  <div class="oc-card oc-card-body p-2"></div>
                </div>
              </button>
            </div>
          </div>
          <!--v-if-->
        </div>
      </div>
    </li>
    <li class="ghost-tile list-item" aria-hidden="true"></li>
    <li class="ghost-tile list-item" aria-hidden="true"></li>
    <li class="ghost-tile list-item" aria-hidden="true"></li>
    <li class="ghost-tile list-item" aria-hidden="true"></li>
    <li class="ghost-tile list-item" aria-hidden="true"></li>
  </ul>
  <!--v-if-->
  <div class="oc-tiles-footer p-1 text-sm"></div>
</div>"
`;
