// Vitest Snapshot v1, https://vitest.dev/guide/snapshot.html

exports[`OcTextInput > password input field > password policy > displays error state if password does not match criteria 1`] = `
"<div class=""><label class="oc-label" for="oc-textinput-23">test</label>
  <div class="oc-position-relative">
    <!--v-if-->
    <div class="oc-text-input-password-wrapper"><input id="oc-textinput-23" aria-invalid="false" class="oc-text-input oc-input oc-rounded" type="password"> <button type="button" aria-label="Show password" class="oc-button oc-rounded oc-button-s oc-button-justify-content-center oc-button-gap-m oc-button-secondary oc-button-raw oc-button-secondary-raw oc-text-input-show-password-toggle oc-px-s">
        <!--v-if-->
        <!-- @slot Content of the button --> <span class="oc-icon oc-icon-s"><!----></span>
      </button> <button type="button" aria-label="Copy password" class="oc-button oc-rounded oc-button-s oc-button-justify-content-center oc-button-gap-m oc-button-secondary oc-button-raw oc-button-secondary-raw oc-text-input-copy-password-button oc-px-s">
        <!--v-if-->
        <!-- @slot Content of the button --> <span class="oc-icon oc-icon-s"><!----></span>
      </button>
      <!--v-if-->
    </div>
    <portal to="app.design-system.password-policy">
      <div class="oc-flex oc-text-small oc-text-input-password-policy-rule-wrapper oc-pt-s">
        <div class="oc-flex oc-flex-middle oc-text-input-password-policy-rule"><span class="oc-icon oc-icon-s oc-mr-xs"><!----></span> <span class="oc-text-input-danger">8+ letters</span>
          <!--v-if-->
        </div>
      </div>
    </portal>
    <!--v-if-->
  </div>
  <!--v-if-->
  <portal-target name="app.design-system.password-policy"></portal-target>
</div>"
`;

exports[`OcTextInput > password input field > password policy > displays success state if password matches criteria 1`] = `
"<div class=""><label class="oc-label" for="oc-textinput-24">test</label>
  <div class="oc-position-relative">
    <!--v-if-->
    <div class="oc-text-input-password-wrapper"><input id="oc-textinput-24" aria-invalid="false" class="oc-text-input oc-input oc-rounded" type="password"> <button type="button" aria-label="Show password" class="oc-button oc-rounded oc-button-s oc-button-justify-content-center oc-button-gap-m oc-button-secondary oc-button-raw oc-button-secondary-raw oc-text-input-show-password-toggle oc-px-s">
        <!--v-if-->
        <!-- @slot Content of the button --> <span class="oc-icon oc-icon-s"><!----></span>
      </button> <button type="button" aria-label="Copy password" class="oc-button oc-rounded oc-button-s oc-button-justify-content-center oc-button-gap-m oc-button-secondary oc-button-raw oc-button-secondary-raw oc-text-input-copy-password-button oc-px-s">
        <!--v-if-->
        <!-- @slot Content of the button --> <span class="oc-icon oc-icon-s"><!----></span>
      </button>
      <!--v-if-->
    </div>
    <portal to="app.design-system.password-policy">
      <div class="oc-flex oc-text-small oc-text-input-password-policy-rule-wrapper oc-pt-s">
        <div class="oc-flex oc-flex-middle oc-text-input-password-policy-rule"><span class="oc-icon oc-icon-s oc-mr-xs"><!----></span> <span class="">8+ letters</span>
          <!--v-if-->
        </div>
      </div>
    </portal>
    <!--v-if-->
  </div>
  <!--v-if-->
  <portal-target name="app.design-system.password-policy"></portal-target>
</div>"
`;
