// Vitest Snapshot v1, https://vitest.dev/guide/snapshot.html

exports[`Text editor app > shows the editor 1`] = `
"<div class="oc-text-editor w-full oc-height-1-1">
  <!---->
</div>"
`;
